// Jest Snapshot v1, https://goo.gl/fbAQLP

exports[`Form component Test Form Input on Change 1`] = `
<App
  onChange={[Function]}
  onSubmit={[Function]}
>
  <DomForm
    onChange={[Function]}
    onSubmit={[Function]}
    value={
      Object {
        "hobby": Array [
          "Drawing",
        ],
        "name": "Blah",
        "nameList": Array [
          "Nun",
          "Another",
          "One",
        ],
        "something": Array [
          Array [
            "1",
            "2",
          ],
        ],
        "spouse": Object {
          "age": 11,
          "name": "spousename",
        },
        "spouses": Array [
          Object {
            "age": 20,
            "name": "A",
          },
          Object {
            "age": 21,
            "name": "B",
          },
          Object {
            "age": 22,
            "name": "C",
          },
        ],
      }
    }
  >
    <form
      onChange={[Function]}
      onSubmit={[Function]}
    >
      <Form
        value={
          Object {
            "hobby": Array [
              "Drawing",
            ],
            "name": "Blah",
            "nameList": Array [
              "Nun",
              "Another",
              "One",
            ],
            "something": Array [
              Array [
                "1",
                "2",
              ],
            ],
            "spouse": Object {
              "age": 11,
              "name": "spousename",
            },
            "spouses": Array [
              Object {
                "age": 20,
                "name": "A",
              },
              Object {
                "age": 21,
                "name": "B",
              },
              Object {
                "age": 22,
                "name": "C",
              },
            ],
          }
        }
      >
        <FormArray
          InputType={[Function]}
          name="nameList"
        >
          <Array
            InputType={[Function]}
            name="nameList"
          >
            <Input
              name="nameList"
            >
              <InputHelper
                get={[Function]}
                next={[Function]}
                state={
                  Object {
                    "hobby": Array [
                      "Drawing",
                    ],
                    "name": "Blah",
                    "nameList": Array [
                      "Nun",
                      "Another",
                      "One",
                    ],
                    "something": Array [
                      Array [
                        "1",
                        "2",
                      ],
                    ],
                    "spouse": Object {
                      "age": 11,
                      "name": "spousename",
                    },
                    "spouses": Array [
                      Object {
                        "age": 20,
                        "name": "A",
                      },
                      Object {
                        "age": 21,
                        "name": "B",
                      },
                      Object {
                        "age": 22,
                        "name": "C",
                      },
                    ],
                  }
                }
                update={[Function]}
              >
                <InputBox
                  name="name"
                >
                  <Input
                    name="name"
                  >
                    <InputHelper
                      get={[Function]}
                      next={[Function]}
                      state={
                        Array [
                          "Nun",
                          "Another",
                          "One",
                        ]
                      }
                      update={[Function]}
                    >
                      <input
                        name="name"
                        onChange={[Function]}
                      />
                    </InputHelper>
                  </Input>
                </InputBox>
              </InputHelper>
            </Input>
          </Array>
        </FormArray>
      </Form>
    </form>
  </DomForm>
</App>
`;
