// Jest Snapshot v1, https://goo.gl/fbAQLP

exports[`Form component Test Form Component 1`] = `
<form
  onSubmit={[Function]}
>
  <input
    name="name"
  />
   
  <br />
  <input
    name="name"
  />
  <input
    name="age"
  />
  <input
    name="name"
  />
  <input
    name="age"
  />
  <input
    name="name"
  />
  <input
    name="age"
  />
</form>
`;
